Archive member included to satisfy reference by file (symbol)

E:/ST/STM32CubeIDE_1.13.1/STM32CubeIDE/plugins/com.st.stm32cube.ide.mcu.externaltools.gnu-tools-for-stm32.11.3.rel1.win32_1.1.1.202309131626/tools/bin/../lib/gcc/arm-none-eabi/11.3.1/../../../../arm-none-eabi/lib/thumb/v7e-m+fp/hard\libc_nano.a(libc_a-exit.o)
                              E:/ST/STM32CubeIDE_1.13.1/STM32CubeIDE/plugins/com.st.stm32cube.ide.mcu.externaltools.gnu-tools-for-stm32.11.3.rel1.win32_1.1.1.202309131626/tools/bin/../lib/gcc/arm-none-eabi/11.3.1/../../../../arm-none-eabi/lib/thumb/v7e-m+fp/hard/crt0.o (exit)
E:/ST/STM32CubeIDE_1.13.1/STM32CubeIDE/plugins/com.st.stm32cube.ide.mcu.externaltools.gnu-tools-for-stm32.11.3.rel1.win32_1.1.1.202309131626/tools/bin/../lib/gcc/arm-none-eabi/11.3.1/../../../../arm-none-eabi/lib/thumb/v7e-m+fp/hard\libc_nano.a(libc_a-findfp.o)
                              E:/ST/STM32CubeIDE_1.13.1/STM32CubeIDE/plugins/com.st.stm32cube.ide.mcu.externaltools.gnu-tools-for-stm32.11.3.rel1.win32_1.1.1.202309131626/tools/bin/../lib/gcc/arm-none-eabi/11.3.1/../../../../arm-none-eabi/lib/thumb/v7e-m+fp/hard\libc_nano.a(libc_a-exit.o) (__stdio_exit_handler)
E:/ST/STM32CubeIDE_1.13.1/STM32CubeIDE/plugins/com.st.stm32cube.ide.mcu.externaltools.gnu-tools-for-stm32.11.3.rel1.win32_1.1.1.202309131626/tools/bin/../lib/gcc/arm-none-eabi/11.3.1/../../../../arm-none-eabi/lib/thumb/v7e-m+fp/hard\libc_nano.a(libc_a-fwalk.o)
                              E:/ST/STM32CubeIDE_1.13.1/STM32CubeIDE/plugins/com.st.stm32cube.ide.mcu.externaltools.gnu-tools-for-stm32.11.3.rel1.win32_1.1.1.202309131626/tools/bin/../lib/gcc/arm-none-eabi/11.3.1/../../../../arm-none-eabi/lib/thumb/v7e-m+fp/hard\libc_nano.a(libc_a-findfp.o) (_fwalk_sglue)
E:/ST/STM32CubeIDE_1.13.1/STM32CubeIDE/plugins/com.st.stm32cube.ide.mcu.externaltools.gnu-tools-for-stm32.11.3.rel1.win32_1.1.1.202309131626/tools/bin/../lib/gcc/arm-none-eabi/11.3.1/../../../../arm-none-eabi/lib/thumb/v7e-m+fp/hard\libc_nano.a(libc_a-stdio.o)
                              E:/ST/STM32CubeIDE_1.13.1/STM32CubeIDE/plugins/com.st.stm32cube.ide.mcu.externaltools.gnu-tools-for-stm32.11.3.rel1.win32_1.1.1.202309131626/tools/bin/../lib/gcc/arm-none-eabi/11.3.1/../../../../arm-none-eabi/lib/thumb/v7e-m+fp/hard\libc_nano.a(libc_a-findfp.o) (__sread)
E:/ST/STM32CubeIDE_1.13.1/STM32CubeIDE/plugins/com.st.stm32cube.ide.mcu.externaltools.gnu-tools-for-stm32.11.3.rel1.win32_1.1.1.202309131626/tools/bin/../lib/gcc/arm-none-eabi/11.3.1/../../../../arm-none-eabi/lib/thumb/v7e-m+fp/hard\libc_nano.a(libc_a-memset.o)
                              E:/ST/STM32CubeIDE_1.13.1/STM32CubeIDE/plugins/com.st.stm32cube.ide.mcu.externaltools.gnu-tools-for-stm32.11.3.rel1.win32_1.1.1.202309131626/tools/bin/../lib/gcc/arm-none-eabi/11.3.1/../../../../arm-none-eabi/lib/thumb/v7e-m+fp/hard/crt0.o (memset)
E:/ST/STM32CubeIDE_1.13.1/STM32CubeIDE/plugins/com.st.stm32cube.ide.mcu.externaltools.gnu-tools-for-stm32.11.3.rel1.win32_1.1.1.202309131626/tools/bin/../lib/gcc/arm-none-eabi/11.3.1/../../../../arm-none-eabi/lib/thumb/v7e-m+fp/hard\libc_nano.a(libc_a-closer.o)
                              E:/ST/STM32CubeIDE_1.13.1/STM32CubeIDE/plugins/com.st.stm32cube.ide.mcu.externaltools.gnu-tools-for-stm32.11.3.rel1.win32_1.1.1.202309131626/tools/bin/../lib/gcc/arm-none-eabi/11.3.1/../../../../arm-none-eabi/lib/thumb/v7e-m+fp/hard\libc_nano.a(libc_a-stdio.o) (_close_r)
E:/ST/STM32CubeIDE_1.13.1/STM32CubeIDE/plugins/com.st.stm32cube.ide.mcu.externaltools.gnu-tools-for-stm32.11.3.rel1.win32_1.1.1.202309131626/tools/bin/../lib/gcc/arm-none-eabi/11.3.1/../../../../arm-none-eabi/lib/thumb/v7e-m+fp/hard\libc_nano.a(libc_a-reent.o)
                              E:/ST/STM32CubeIDE_1.13.1/STM32CubeIDE/plugins/com.st.stm32cube.ide.mcu.externaltools.gnu-tools-for-stm32.11.3.rel1.win32_1.1.1.202309131626/tools/bin/../lib/gcc/arm-none-eabi/11.3.1/../../../../arm-none-eabi/lib/thumb/v7e-m+fp/hard\libc_nano.a(libc_a-closer.o) (errno)
E:/ST/STM32CubeIDE_1.13.1/STM32CubeIDE/plugins/com.st.stm32cube.ide.mcu.externaltools.gnu-tools-for-stm32.11.3.rel1.win32_1.1.1.202309131626/tools/bin/../lib/gcc/arm-none-eabi/11.3.1/../../../../arm-none-eabi/lib/thumb/v7e-m+fp/hard\libc_nano.a(libc_a-impure.o)
                              E:/ST/STM32CubeIDE_1.13.1/STM32CubeIDE/plugins/com.st.stm32cube.ide.mcu.externaltools.gnu-tools-for-stm32.11.3.rel1.win32_1.1.1.202309131626/tools/bin/../lib/gcc/arm-none-eabi/11.3.1/../../../../arm-none-eabi/lib/thumb/v7e-m+fp/hard\libc_nano.a(libc_a-reent.o) (_impure_ptr)
E:/ST/STM32CubeIDE_1.13.1/STM32CubeIDE/plugins/com.st.stm32cube.ide.mcu.externaltools.gnu-tools-for-stm32.11.3.rel1.win32_1.1.1.202309131626/tools/bin/../lib/gcc/arm-none-eabi/11.3.1/../../../../arm-none-eabi/lib/thumb/v7e-m+fp/hard\libc_nano.a(libc_a-lseekr.o)
[...]
Memory Configuration

Name             Origin             Length             Attributes
RAM              0x0000000020000000 0x0000000000018000 xrw
FLASH            0x0000000008000000 0x0000000000080000 xr
*default*        0x0000000000000000 0xffffffffffffffff

Linker script and memory map

LOAD E:/ST/STM32CubeIDE_1.13.1/STM32CubeIDE/plugins/com.st.stm32cube.ide.mcu.externaltools.gnu-tools-for-stm32.11.3.rel1.win32_1.1.1.202309131626/tools/bin/../lib/gcc/arm-none-eabi/11.3.1/thumb/v7e-m+fp/hard/crti.o
LOAD E:/ST/STM32CubeIDE_1.13.1/STM32CubeIDE/plugins/com.st.stm32cube.ide.mcu.externaltools.gnu-tools-for-stm32.11.3.rel1.win32_1.1.1.202309131626/tools/bin/../lib/gcc/arm-none-eabi/11.3.1/thumb/v7e-m+fp/hard/crtbegin.o
LOAD E:/ST/STM32CubeIDE_1.13.1/STM32CubeIDE/plugins/com.st.stm32cube.ide.mcu.externaltools.gnu-tools-for-stm32.11.3.rel1.win32_1.1.1.202309131626/tools/bin/../lib/gcc/arm-none-eabi/11.3.1/../../../../arm-none-eabi/lib/thumb/v7e-m+fp/hard/crt0.o
LOAD ./Core/Src/hbridge.o
LOAD ./Core/Src/liquidcrystal_i2c.o
LOAD ./Core/Src/main.o
LOAD ./Core/Src/mpu6050.o
LOAD ./Core/Src/stm32f4xx_hal_msp.o
LOAD ./Core/Src/stm32f4xx_it.o
LOAD ./Core/Src/syscalls.o
LOAD ./Core/Src/sysmem.o
LOAD ./Core/Src/system_stm32f4xx.o
LOAD ./Core/Startup/startup_stm32f401retx.o
LOAD ./Drivers/STM32F4xx_HAL_Driver/Src/stm32f4xx_hal.o
LOAD ./Drivers/STM32F4xx_HAL_Driver/Src/stm32f4xx_hal_cortex.o
LOAD ./Drivers/STM32F4xx_HAL_Driver/Src/stm32f4xx_hal_dma.o
LOAD ./Drivers/STM32F4xx_HAL_Driver/Src/stm32f4xx_hal_dma_ex.o
LOAD ./Drivers/STM32F4xx_HAL_Driver/Src/stm32f4xx_hal_exti.o
LOAD ./Drivers/STM32F4xx_HAL_Driver/Src/stm32f4xx_hal_flash.o
LOAD ./Drivers/STM32F4xx_HAL_Driver/Src/stm32f4xx_hal_flash_ex.o
LOAD ./Drivers/STM32F4xx_HAL_Driver/Src/stm32f4xx_hal_flash_ramfunc.o
LOAD ./Drivers/STM32F4xx_HAL_Driver/Src/stm32f4xx_hal_gpio.o
LOAD ./Drivers/STM32F4xx_HAL_Driver/Src/stm32f4xx_hal_i2c.o
LOAD ./Drivers/STM32F4xx_HAL_Driver/Src/stm32f4xx_hal_i2c_ex.o
LOAD ./Drivers/STM32F4xx_HAL_Driver/Src/stm32f4xx_hal_pwr.o
LOAD ./Drivers/STM32F4xx_HAL_Driver/Src/stm32f4xx_hal_pwr_ex.o
LOAD ./Drivers/STM32F4xx_HAL_Driver/Src/stm32f4xx_hal_rcc.o
LOAD ./Drivers/STM32F4xx_HAL_Driver/Src/stm32f4xx_hal_rcc_ex.o
LOAD ./Drivers/STM32F4xx_HAL_Driver/Src/stm32f4xx_hal_tim.o
LOAD ./Drivers/STM32F4xx_HAL_Driver/Src/stm32f4xx_hal_tim_ex.o
LOAD ./Drivers/STM32F4xx_HAL_Driver/Src/stm32f4xx_hal_uart.o
START GROUP
LOAD E:/ST/STM32CubeIDE_1.13.1/STM32CubeIDE/plugins/com.st.stm32cube.ide.mcu.externaltools.gnu-tools-for-stm32.11.3.rel1.win32_1.1.1.202309131626/tools/bin/../lib/gcc/arm-none-eabi/11.3.1/../../../../arm-none-eabi/lib/thumb/v7e-m+fp/hard\libc_nano.a
LOAD E:/ST/STM32CubeIDE_1.13.1/STM32CubeIDE/plugins/com.st.stm32cube.ide.mcu.externaltools.gnu-tools-for-stm32.11.3.rel1.win32_1.1.1.202309131626/tools/bin/../lib/gcc/arm-none-eabi/11.3.1/../../../../arm-none-eabi/lib/thumb/v7e-m+fp/hard\libm.a
END GROUP
START GROUP
LOAD E:/ST/STM32CubeIDE_1.13.1/STM32CubeIDE/plugins/com.st.stm32cube.ide.mcu.externaltools.gnu-tools-for-stm32.11.3.rel1.win32_1.1.1.202309131626/tools/bin/../lib/gcc/arm-none-eabi/11.3.1/thumb/v7e-m+fp/hard\libgcc.a
LOAD E:/ST/STM32CubeIDE_1.13.1/STM32CubeIDE/plugins/com.st.stm32cube.ide.mcu.externaltools.gnu-tools-for-stm32.11.3.rel1.win32_1.1.1.202309131626/tools/bin/../lib/gcc/arm-none-eabi/11.3.1/../../../../arm-none-eabi/lib/thumb/v7e-m+fp/hard\libc_nano.a
END GROUP
START GROUP
LOAD E:/ST/STM32CubeIDE_1.13.1/STM32CubeIDE/plugins/com.st.stm32cube.ide.mcu.externaltools.gnu-tools-for-stm32.11.3.rel1.win32_1.1.1.202309131626/tools/bin/../lib/gcc/arm-none-eabi/11.3.1/thumb/v7e-m+fp/hard\libgcc.a
LOAD E:/ST/STM32CubeIDE_1.13.1/STM32CubeIDE/plugins/com.st.stm32cube.ide.mcu.externaltools.gnu-tools-for-stm32.11.3.rel1.win32_1.1.1.202309131626/tools/bin/../lib/gcc/arm-none-eabi/11.3.1/../../../../arm-none-eabi/lib/thumb/v7e-m+fp/hard\libc_nano.a
LOAD E:/ST/STM32CubeIDE_1.13.1/STM32CubeIDE/plugins/com.st.stm32cube.ide.mcu.externaltools.gnu-tools-for-stm32.11.3.rel1.win32_1.1.1.202309131626/tools/bin/../lib/gcc/arm-none-eabi/11.3.1/../../../../arm-none-eabi/lib/thumb/v7e-m+fp/hard\libnosys.a
END GROUP
START GROUP
LOAD E:/ST/STM32CubeIDE_1.13.1/STM32CubeIDE/plugins/com.st.stm32cube.ide.mcu.externaltools.gnu-tools-for-stm32.11.3.rel1.win32_1.1.1.202309131626/tools/bin/../lib/gcc/arm-none-eabi/11.3.1/thumb/v7e-m+fp/hard\libgcc.a
LOAD E:/ST/STM32CubeIDE_1.13.1/STM32CubeIDE/plugins/com.st.stm32cube.ide.mcu.externaltools.gnu-tools-for-stm32.11.3.rel1.win32_1.1.1.202309131626/tools/bin/../lib/gcc/arm-none-eabi/11.3.1/../../../../arm-none-eabi/lib/thumb/v7e-m+fp/hard\libc_nano.a
LOAD E:/ST/STM32CubeIDE_1.13.1/STM32CubeIDE/plugins/com.st.stm32cube.ide.mcu.externaltools.gnu-tools-for-stm32.11.3.rel1.win32_1.1.1.202309131626/tools/bin/../lib/gcc/arm-none-eabi/11.3.1/../../../../arm-none-eabi/lib/thumb/v7e-m+fp/hard\libnosys.a
END GROUP
LOAD E:/ST/STM32CubeIDE_1.13.1/STM32CubeIDE/plugins/com.st.stm32cube.ide.mcu.externaltools.gnu-tools-for-stm32.11.3.rel1.win32_1.1.1.202309131626/tools/bin/../lib/gcc/arm-none-eabi/11.3.1/thumb/v7e-m+fp/hard/crtend.o
LOAD E:/ST/STM32CubeIDE_1.13.1/STM32CubeIDE/plugins/com.st.stm32cube.ide.mcu.externaltools.gnu-tools-for-stm32.11.3.rel1.win32_1.1.1.202309131626/tools/bin/../lib/gcc/arm-none-eabi/11.3.1/thumb/v7e-m+fp/hard/crtn.o
                0x0000000020018000                _estack = (ORIGIN (RAM) + LENGTH (RAM))
                0x0000000000000200                _Min_Heap_Size = 0x200
                0x0000000000000400                _Min_Stack_Size = 0x400

.isr_vector     0x0000000008000000      0x194
                0x0000000008000000                . = ALIGN (0x4)
 *(.isr_vector)
 .isr_vector    0x0000000008000000      0x194 ./Core/Startup/startup_stm32f401retx.o
                0x0000000008000000                g_pfnVectors
                0x0000000008000194                . = ALIGN (0x4)

.text           0x0000000008000194     0x2f00
                0x0000000008000194                . = ALIGN (0x4)
 *(.text)
 .text          0x0000000008000194       0x40 E:/ST/STM32CubeIDE_1.13.1/STM32CubeIDE/plugins/com.st.stm32cube.ide.mcu.externaltools.gnu-tools-for-stm32.11.3.rel1.win32_1.1.1.202309131626/tools/bin/../lib/gcc/arm-none-eabi/11.3.1/thumb/v7e-m+fp/hard/crtbegin.o
 .text          0x00000000080001d4       0x30 E:/ST/STM32CubeIDE_1.13.1/STM32CubeIDE/plugins/com.st.stm32cube.ide.mcu.externaltools.gnu-tools-for-stm32.11.3.rel1.win32_1.1.1.202309131626/tools/bin/../lib/gcc/arm-none-eabi/11.3.1/thumb/v7e-m+fp/hard\libgcc.a(_aeabi_uldivmod.o)
                0x00000000080001d4                __aeabi_uldivmod
 .text          0x0000000008000204      0x2c8 E:/ST/STM32CubeIDE_1.13.1/STM32CubeIDE/plugins/com.st.stm32cube.ide.mcu.externaltools.gnu-tools-for-stm32.11.3.rel1.win32_1.1.1.202309131626/tools/bin/../lib/gcc/arm-none-eabi/11.3.1/thumb/v7e-m+fp/hard\libgcc.a(_udivmoddi4.o)
                0x0000000008000204                __udivmoddi4
 .text          0x00000000080004cc        0x4 E:/ST/STM32CubeIDE_1.13.1/STM32CubeIDE/plugins/com.st.stm32cube.ide.mcu.externaltools.gnu-tools-for-stm32.11.3.rel1.win32_1.1.1.202309131626/tools/bin/../lib/gcc/arm-none-eabi/11.3.1/thumb/v7e-m+fp/hard\libgcc.a(_dvmd_tls.o)
                0x00000000080004cc                __aeabi_idiv0
                0x00000000080004cc                __aeabi_ldiv0
 *(.text*)
 .text.Set_PWM  0x00000000080004d0       0x9c ./Core/Src/hbridge.o
                0x00000000080004d0                Set_PWM
 .text.main     0x000000000800056c       0x38 ./Core/Src/main.o
                0x000000000800056c                main
 .text.SystemClock_Config
                0x00000000080005a4       0xd8 ./Core/Src/main.o
                0x00000000080005a4                SystemClock_Config
 .text.MX_I2C1_Init
                0x000000000800067c       0x5c ./Core/Src/main.o
 .text.MX_TIM2_Init
                0x00000000080006d8       0xe8 ./Core/Src/main.o
 .text.MX_USART2_UART_Init
                0x00000000080007c0       0x54 ./Core/Src/main.o
 .text.MX_GPIO_Init
                0x0000000008000814      0x100 ./Core/Src/main.o
 .text.Error_Handler
                0x0000000008000914        0xa ./Core/Src/main.o
                0x0000000008000914                Error_Handler
 *fill*         0x000000000800091e        0x2 
 .text.HAL_MspInit
                0x0000000008000920       0x50 ./Core/Src/stm32f4xx_hal_msp.o
                0x0000000008000920                HAL_MspInit
 .text.HAL_I2C_MspInit
                0x0000000008000970       0x90 ./Core/Src/stm32f4xx_hal_msp.o
                0x0000000008000970                HAL_I2C_MspInit
 .text.HAL_TIM_Base_MspInit
                0x0000000008000a00       0x40 ./Core/Src/stm32f4xx_hal_msp.o
                0x0000000008000a00                HAL_TIM_Base_MspInit
 .text.HAL_TIM_MspPostInit
                0x0000000008000a40       0x70 ./Core/Src/stm32f4xx_hal_msp.o
                0x0000000008000a40                HAL_TIM_MspPostInit
 .text.HAL_UART_MspInit
                0x0000000008000ab0       0x90 ./Core/Src/stm32f4xx_hal_msp.o
                0x0000000008000ab0                HAL_UART_MspInit
 .text.NMI_Handler
                0x0000000008000b40        0x6 ./Core/Src/stm32f4xx_it.o
                0x0000000008000b40                NMI_Handler
 .text.HardFault_Handler
                0x0000000008000b46        0x6 ./Core/Src/stm32f4xx_it.o
                0x0000000008000b46                HardFault_Handler
 .text.MemManage_Handler
                0x0000000008000b4c        0x6 ./Core/Src/stm32f4xx_it.o
                0x0000000008000b4c                MemManage_Handler
 .text.BusFault_Handler
                0x0000000008000b52        0x6 ./Core/Src/stm32f4xx_it.o
                0x0000000008000b52                BusFault_Handler
 .text.UsageFault_Handler
                0x0000000008000b58        0x6 ./Core/Src/stm32f4xx_it.o
                0x0000000008000b58                UsageFault_Handler
 .text.SVC_Handler
                0x0000000008000b5e        0xe ./Core/Src/stm32f4xx_it.o
                0x0000000008000b5e                SVC_Handler
 .text.DebugMon_Handler
                0x0000000008000b6c        0xe ./Core/Src/stm32f4xx_it.o
                0x0000000008000b6c                DebugMon_Handler
 .text.PendSV_Handler
                0x0000000008000b7a        0xe ./Core/Src/stm32f4xx_it.o
                0x0000000008000b7a                PendSV_Handler
 .text.SysTick_Handler
                0x0000000008000b88        0xc ./Core/Src/stm32f4xx_it.o
                0x0000000008000b88                SysTick_Handler
 .text.SystemInit
                0x0000000008000b94       0x24 ./Core/Src/system_stm32f4xx.o
                0x0000000008000b94                SystemInit
 .text.Reset_Handler
                0x0000000008000bb8       0x50 ./Core/Startup/startup_stm32f401retx.o
                0x0000000008000bb8                Reset_Handler
 .text.Default_Handler
                0x0000000008000c08        0x2 ./Core/Startup/startup_stm32f401retx.o
                0x0000000008000c08                RTC_Alarm_IRQHandler
                0x0000000008000c08                EXTI2_IRQHandler
                0x0000000008000c08                SPI4_IRQHandler
                0x0000000008000c08                TIM1_CC_IRQHandler
                0x0000000008000c08                DMA2_Stream5_IRQHandler
                0x0000000008000c08                DMA1_Stream5_IRQHandler
                0x0000000008000c08                PVD_IRQHandler
                0x0000000008000c08                SDIO_IRQHandler
                0x0000000008000c08                TAMP_STAMP_IRQHandler
                0x0000000008000c08                EXTI3_IRQHandler
                0x0000000008000c08                TIM1_UP_TIM10_IRQHandler
                0x0000000008000c08                I2C3_ER_IRQHandler
                0x0000000008000c08                EXTI0_IRQHandler
                0x0000000008000c08                I2C2_EV_IRQHandler
                0x0000000008000c08                DMA1_Stream2_IRQHandler
                0x0000000008000c08                FPU_IRQHandler
                0x0000000008000c08                DMA2_Stream2_IRQHandler
                0x0000000008000c08                SPI1_IRQHandler
                0x0000000008000c08                TIM1_BRK_TIM9_IRQHandler
                0x0000000008000c08                DMA2_Stream3_IRQHandler
                0x0000000008000c08                USART6_IRQHandler
                0x0000000008000c08                DMA2_Stream0_IRQHandler
                0x0000000008000c08                TIM4_IRQHandler
                0x0000000008000c08                I2C1_EV_IRQHandler
                0x0000000008000c08                DMA1_Stream6_IRQHandler
                0x0000000008000c08                DMA1_Stream1_IRQHandler
                0x0000000008000c08                TIM3_IRQHandler
                0x0000000008000c08                RCC_IRQHandler
                0x0000000008000c08                Default_Handler
                0x0000000008000c08                EXTI15_10_IRQHandler
                0x0000000008000c08                ADC_IRQHandler
                0x0000000008000c08                DMA1_Stream7_IRQHandler
                0x0000000008000c08                TIM5_IRQHandler
                0x0000000008000c08                DMA2_Stream7_IRQHandler
                0x0000000008000c08                I2C3_EV_IRQHandler
                0x0000000008000c08                EXTI9_5_IRQHandler
                0x0000000008000c08                RTC_WKUP_IRQHandler
                0x0000000008000c08                SPI2_IRQHandler
                0x0000000008000c08                DMA1_Stream0_IRQHandler
                0x0000000008000c08                EXTI4_IRQHandler
                0x0000000008000c08                WWDG_IRQHandler
                0x0000000008000c08                TIM2_IRQHandler
                0x0000000008000c08                OTG_FS_WKUP_IRQHandler
                0x0000000008000c08                TIM1_TRG_COM_TIM11_IRQHandler
                0x0000000008000c08                EXTI1_IRQHandler
                0x0000000008000c08                USART2_IRQHandler
                0x0000000008000c08                I2C2_ER_IRQHandler
                0x0000000008000c08                DMA2_Stream1_IRQHandler
                0x0000000008000c08                FLASH_IRQHandler
                0x0000000008000c08                DMA2_Stream4_IRQHandler
                0x0000000008000c08                USART1_IRQHandler
                0x0000000008000c08                OTG_FS_IRQHandler
                0x0000000008000c08                SPI3_IRQHandler
                0x0000000008000c08                DMA1_Stream4_IRQHandler
                0x0000000008000c08                I2C1_ER_IRQHandler
                0x0000000008000c08                DMA2_Stream6_IRQHandler
                0x0000000008000c08                DMA1_Stream3_IRQHandler
 *fill*         0x0000000008000c0a        0x2 
 .text.HAL_Init
                0x0000000008000c0c       0x44 ./Drivers/STM32F4xx_HAL_Driver/Src/stm32f4xx_hal.o
                0x0000000008000c0c                HAL_Init
 .text.HAL_InitTick
                0x0000000008000c50       0x60 ./Drivers/STM32F4xx_HAL_Driver/Src/stm32f4xx_hal.o
                0x0000000008000c50                HAL_InitTick
 .text.HAL_IncTick
                0x0000000008000cb0       0x28 ./Drivers/STM32F4xx_HAL_Driver/Src/stm32f4xx_hal.o
                0x0000000008000cb0                HAL_IncTick
 .text.HAL_GetTick
                0x0000000008000cd8       0x18 ./Drivers/STM32F4xx_HAL_Driver/Src/stm32f4xx_hal.o
                0x0000000008000cd8                HAL_GetTick
 .text.__NVIC_SetPriorityGrouping
                0x0000000008000cf0       0x48 ./Drivers/STM32F4xx_HAL_Driver/Src/stm32f4xx_hal_cortex.o
 .text.__NVIC_GetPriorityGrouping
                0x0000000008000d38       0x1c ./Drivers/STM32F4xx_HAL_Driver/Src/stm32f4xx_hal_cortex.o
 .text.__NVIC_SetPriority
                0x0000000008000d54       0x54 ./Drivers/STM32F4xx_HAL_Driver/Src/stm32f4xx_hal_cortex.o
 .text.NVIC_EncodePriority
                0x0000000008000da8       0x66 ./Drivers/STM32F4xx_HAL_Driver/Src/stm32f4xx_hal_cortex.o
 *fill*         0x0000000008000e0e        0x2 
 .text.SysTick_Config
                0x0000000008000e10       0x44 ./Drivers/STM32F4xx_HAL_Driver/Src/stm32f4xx_hal_cortex.o
 .text.HAL_NVIC_SetPriorityGrouping
                0x0000000008000e54       0x16 ./Drivers/STM32F4xx_HAL_Driver/Src/stm32f4xx_hal_cortex.o
                0x0000000008000e54                HAL_NVIC_SetPriorityGrouping
 .text.HAL_NVIC_SetPriority
                0x0000000008000e6a       0x38 ./Drivers/STM32F4xx_HAL_Driver/Src/stm32f4xx_hal_cortex.o
                0x0000000008000e6a                HAL_NVIC_SetPriority
 .text.HAL_SYSTICK_Config
                0x0000000008000ea2       0x18 ./Drivers/STM32F4xx_HAL_Driver/Src/stm32f4xx_hal_cortex.o
                0x0000000008000ea2                HAL_SYSTICK_Config
 *fill*         0x0000000008000eba        0x2 
 .text.HAL_GPIO_Init
                0x0000000008000ebc      0x308 ./Drivers/STM32F4xx_HAL_Driver/Src/stm32f4xx_hal_gpio.o
                0x0000000008000ebc                HAL_GPIO_Init
 .text.HAL_GPIO_WritePin
                0x00000000080011c4       0x32 ./Drivers/STM32F4xx_HAL_Driver/Src/stm32f4xx_hal_gpio.o
                0x00000000080011c4                HAL_GPIO_WritePin
 *fill*         0x00000000080011f6        0x2 
 .text.HAL_I2C_Init
                0x00000000080011f8      0x288 ./Drivers/STM32F4xx_HAL_Driver/Src/stm32f4xx_hal_i2c.o
                0x00000000080011f8                HAL_I2C_Init
 .text.HAL_RCC_OscConfig
                0x0000000008001480      0x4f0 ./Drivers/STM32F4xx_HAL_Driver/Src/stm32f4xx_hal_rcc.o
                0x0000000008001480                HAL_RCC_OscConfig
 .text.HAL_RCC_ClockConfig
                0x0000000008001970      0x1cc ./Drivers/STM32F4xx_HAL_Driver/Src/stm32f4xx_hal_rcc.o
                0x0000000008001970                HAL_RCC_ClockConfig
 .text.HAL_RCC_GetSysClockFreq
                0x0000000008001b3c      0x20c ./Drivers/STM32F4xx_HAL_Driver/Src/stm32f4xx_hal_rcc.o
                0x0000000008001b3c                HAL_RCC_GetSysClockFreq
 .text.HAL_RCC_GetHCLKFreq
                0x0000000008001d48       0x18 ./Drivers/STM32F4xx_HAL_Driver/Src/stm32f4xx_hal_rcc.o
                0x0000000008001d48                HAL_RCC_GetHCLKFreq
 .text.HAL_RCC_GetPCLK1Freq
                0x0000000008001d60       0x28 ./Drivers/STM32F4xx_HAL_Driver/Src/stm32f4xx_hal_rcc.o
                0x0000000008001d60                HAL_RCC_GetPCLK1Freq
 .text.HAL_RCC_GetPCLK2Freq
                0x0000000008001d88       0x28 ./Drivers/STM32F4xx_HAL_Driver/Src/stm32f4xx_hal_rcc.o
                0x0000000008001d88                HAL_RCC_GetPCLK2Freq
 .text.HAL_TIM_Base_Init
                0x0000000008001db0       0x9e ./Drivers/STM32F4xx_HAL_Driver/Src/stm32f4xx_hal_tim.o
                0x0000000008001db0                HAL_TIM_Base_Init
 *fill*         0x0000000008001e4e        0x2 
 .text.HAL_TIM_Base_Start
                0x0000000008001e50       0xb4 ./Drivers/STM32F4xx_HAL_Driver/Src/stm32f4xx_hal_tim.o
                0x0000000008001e50                HAL_TIM_Base_Start
 .text.HAL_TIM_PWM_Init
                0x0000000008001f04       0x9e ./Drivers/STM32F4xx_HAL_Driver/Src/stm32f4xx_hal_tim.o
                0x0000000008001f04                HAL_TIM_PWM_Init
 .text.HAL_TIM_PWM_MspInit
                0x0000000008001fa2       0x14 ./Drivers/STM32F4xx_HAL_Driver/Src/stm32f4xx_hal_tim.o
                0x0000000008001fa2                HAL_TIM_PWM_MspInit
 *fill*         0x0000000008001fb6        0x2 
 .text.HAL_TIM_PWM_Start
                0x0000000008001fb8      0x160 ./Drivers/STM32F4xx_HAL_Driver/Src/stm32f4xx_hal_tim.o
                0x0000000008001fb8                HAL_TIM_PWM_Start
 .text.HAL_TIM_PWM_ConfigChannel
                0x0000000008002118      0x184 ./Drivers/STM32F4xx_HAL_Driver/Src/stm32f4xx_hal_tim.o
                0x0000000008002118                HAL_TIM_PWM_ConfigChannel
 .text.HAL_TIM_ConfigClockSource
                0x000000000800229c      0x18e ./Drivers/STM32F4xx_HAL_Driver/Src/stm32f4xx_hal_tim.o
                0x000000000800229c                HAL_TIM_ConfigClockSource
 *fill*         0x000000000800242a        0x2 
 .text.TIM_Base_SetConfig
                0x000000000800242c      0x100 ./Drivers/STM32F4xx_HAL_Driver/Src/stm32f4xx_hal_tim.o
                0x000000000800242c                TIM_Base_SetConfig
 .text.TIM_OC1_SetConfig
                0x000000000800252c       0xcc ./Drivers/STM32F4xx_HAL_Driver/Src/stm32f4xx_hal_tim.o
 .text.TIM_OC2_SetConfig
                0x00000000080025f8       0xd8 ./Drivers/STM32F4xx_HAL_Driver/Src/stm32f4xx_hal_tim.o
                0x00000000080025f8                TIM_OC2_SetConfig
 .text.TIM_OC3_SetConfig
                0x00000000080026d0       0xd4 ./Drivers/STM32F4xx_HAL_Driver/Src/stm32f4xx_hal_tim.o
 .text.TIM_OC4_SetConfig
                0x00000000080027a4       0xa0 ./Drivers/STM32F4xx_HAL_Driver/Src/stm32f4xx_hal_tim.o
 .text.TIM_TI1_ConfigInputStage
                0x0000000008002844       0x5e ./Drivers/STM32F4xx_HAL_Driver/Src/stm32f4xx_hal_tim.o
 .text.TIM_TI2_ConfigInputStage
                0x00000000080028a2       0x60 ./Drivers/STM32F4xx_HAL_Driver/Src/stm32f4xx_hal_tim.o
 .text.TIM_ITRx_SetConfig
                0x0000000008002902       0x36 ./Drivers/STM32F4xx_HAL_Driver/Src/stm32f4xx_hal_tim.o
 .text.TIM_ETR_SetConfig
                0x0000000008002938       0x40 ./Drivers/STM32F4xx_HAL_Driver/Src/stm32f4xx_hal_tim.o
                0x0000000008002938                TIM_ETR_SetConfig
 .text.TIM_CCxChannelCmd
                0x0000000008002978       0x4a ./Drivers/STM32F4xx_HAL_Driver/Src/stm32f4xx_hal_tim.o
                0x0000000008002978                TIM_CCxChannelCmd
 *fill*         0x00000000080029c2        0x2 
 .text.HAL_TIMEx_MasterConfigSynchronization
                0x00000000080029c4       0xdc ./Drivers/STM32F4xx_HAL_Driver/Src/stm32f4xx_hal_tim_ex.o
                0x00000000080029c4                HAL_TIMEx_MasterConfigSynchronization
 .text.HAL_UART_Init
                0x0000000008002aa0       0x9a ./Drivers/STM32F4xx_HAL_Driver/Src/stm32f4xx_hal_uart.o
                0x0000000008002aa0                HAL_UART_Init
 *fill*         0x0000000008002b3a        0x2 
 .text.UART_SetConfig
                0x0000000008002b3c      0x4e8 ./Drivers/STM32F4xx_HAL_Driver/Src/stm32f4xx_hal_uart.o
 .text.memset   0x0000000008003024       0x10 E:/ST/STM32CubeIDE_1.13.1/STM32CubeIDE/plugins/com.st.stm32cube.ide.mcu.externaltools.gnu-tools-for-stm32.11.3.rel1.win32_1.1.1.202309131626/tools/bin/../lib/gcc/arm-none-eabi/11.3.1/../../../../arm-none-eabi/lib/thumb/v7e-m+fp/hard\libc_nano.a(libc_a-memset.o)
                0x0000000008003024                memset
 .text.__libc_init_array
                0x0000000008003034       0x48 E:/ST/STM32CubeIDE_1.13.1/STM32CubeIDE/plugins/com.st.stm32cube.ide.mcu.externaltools.gnu-tools-for-stm32.11.3.rel1.win32_1.1.1.202309131626/tools/bin/../lib/gcc/arm-none-eabi/11.3.1/../../../../arm-none-eabi/lib/thumb/v7e-m+fp/hard\libc_nano.a(libc_a-init.o)
                0x0000000008003034                __libc_init_array
 *(.glue_7)
 .glue_7        0x000000000800307c        0x0 linker stubs
 *(.glue_7t)
 .glue_7t       0x000000000800307c        0x0 linker stubs
 *(.eh_frame)
 .eh_frame      0x000000000800307c        0x0 E:/ST/STM32CubeIDE_1.13.1/STM32CubeIDE/plugins/com.st.stm32cube.ide.mcu.externaltools.gnu-tools-for-stm32.11.3.rel1.win32_1.1.1.202309131626/tools/bin/../lib/gcc/arm-none-eabi/11.3.1/thumb/v7e-m+fp/hard/crtbegin.o
 *(.init)
 .init          0x000000000800307c        0x4 E:/ST/STM32CubeIDE_1.13.1/STM32CubeIDE/plugins/com.st.stm32cube.ide.mcu.externaltools.gnu-tools-for-stm32.11.3.rel1.win32_1.1.1.202309131626/tools/bin/../lib/gcc/arm-none-eabi/11.3.1/thumb/v7e-m+fp/hard/crti.o
                0x000000000800307c                _init
 .init          0x0000000008003080        0x8 E:/ST/STM32CubeIDE_1.13.1/STM32CubeIDE/plugins/com.st.stm32cube.ide.mcu.externaltools.gnu-tools-for-stm32.11.3.rel1.win32_1.1.1.202309131626/tools/bin/../lib/gcc/arm-none-eabi/11.3.1/thumb/v7e-m+fp/hard/crtn.o
 *(.fini)
 .fini          0x0000000008003088        0x4 E:/ST/STM32CubeIDE_1.13.1/STM32CubeIDE/plugins/com.st.stm32cube.ide.mcu.externaltools.gnu-tools-for-stm32.11.3.rel1.win32_1.1.1.202309131626/tools/bin/../lib/gcc/arm-none-eabi/11.3.1/thumb/v7e-m+fp/hard/crti.o
                0x0000000008003088                _fini
 .fini          0x000000000800308c        0x8 E:/ST/STM32CubeIDE_1.13.1/STM32CubeIDE/plugins/com.st.stm32cube.ide.mcu.externaltools.gnu-tools-for-stm32.11.3.rel1.win32_1.1.1.202309131626/tools/bin/../lib/gcc/arm-none-eabi/11.3.1/thumb/v7e-m+fp/hard/crtn.o
                0x0000000008003094                . = ALIGN (0x4)
                0x0000000008003094                _etext = .

.vfp11_veneer   0x0000000008003094        0x0
 .vfp11_veneer  0x0000000008003094        0x0 linker stubs

.v4_bx          0x0000000008003094        0x0
 .v4_bx         0x0000000008003094        0x0 linker stubs

.iplt           0x0000000008003094        0x0
 .iplt          0x0000000008003094        0x0 E:/ST/STM32CubeIDE_1.13.1/STM32CubeIDE/plugins/com.st.stm32cube.ide.mcu.externaltools.gnu-tools-for-stm32.11.3.rel1.win32_1.1.1.202309131626/tools/bin/../lib/gcc/arm-none-eabi/11.3.1/thumb/v7e-m+fp/hard/crtbegin.o

.rodata         0x0000000008003094       0x18
                0x0000000008003094                . = ALIGN (0x4)
 *(.rodata)
 *(.rodata*)
 .rodata.AHBPrescTable
                0x0000000008003094       0x10 ./Core/Src/system_stm32f4xx.o
                0x0000000008003094                AHBPrescTable
 .rodata.APBPrescTable
                0x00000000080030a4        0x8 ./Core/Src/system_stm32f4xx.o
                0x00000000080030a4                APBPrescTable
                0x00000000080030ac                . = ALIGN (0x4)

.ARM.extab      0x00000000080030ac        0x0
                0x00000000080030ac                . = ALIGN (0x4)
 *(.ARM.extab* .gnu.linkonce.armextab.*)
                0x00000000080030ac                . = ALIGN (0x4)

.ARM            0x00000000080030ac        0x8
                0x00000000080030ac                . = ALIGN (0x4)
                0x00000000080030ac                __exidx_start = .
 *(.ARM.exidx*)
 .ARM.exidx     0x00000000080030ac        0x8 E:/ST/STM32CubeIDE_1.13.1/STM32CubeIDE/plugins/com.st.stm32cube.ide.mcu.externaltools.gnu-tools-for-stm32.11.3.rel1.win32_1.1.1.202309131626/tools/bin/../lib/gcc/arm-none-eabi/11.3.1/thumb/v7e-m+fp/hard\libgcc.a(_udivmoddi4.o)
                0x00000000080030b4                __exidx_end = .
                0x00000000080030b4                . = ALIGN (0x4)

.rel.dyn        0x00000000080030b4        0x0
 .rel.iplt      0x00000000080030b4        0x0 E:/ST/STM32CubeIDE_1.13.1/STM32CubeIDE/plugins/com.st.stm32cube.ide.mcu.externaltools.gnu-tools-for-stm32.11.3.rel1.win32_1.1.1.202309131626/tools/bin/../lib/gcc/arm-none-eabi/11.3.1/thumb/v7e-m+fp/hard/crtbegin.o

.preinit_array  0x00000000080030b4        0x0
                0x00000000080030b4                . = ALIGN (0x4)
                0x00000000080030b4                PROVIDE (__preinit_array_start = .)
 *(.preinit_array*)
                0x00000000080030b4                PROVIDE (__preinit_array_end = .)
                0x00000000080030b4                . = ALIGN (0x4)

.init_array     0x00000000080030b4        0x4
                0x00000000080030b4                . = ALIGN (0x4)
                0x00000000080030b4                PROVIDE (__init_array_start = .)
 *(SORT_BY_NAME(.init_array.*))
 *(.init_array*)
 .init_array    0x00000000080030b4        0x4 E:/ST/STM32CubeIDE_1.13.1/STM32CubeIDE/plugins/com.st.stm32cube.ide.mcu.externaltools.gnu-tools-for-stm32.11.3.rel1.win32_1.1.1.202309131626/tools/bin/../lib/gcc/arm-none-eabi/11.3.1/thumb/v7e-m+fp/hard/crtbegin.o
                0x00000000080030b8                PROVIDE (__init_array_end = .)
                0x00000000080030b8                . = ALIGN (0x4)

.fini_array     0x00000000080030b8        0x4
                0x00000000080030b8                . = ALIGN (0x4)
                [!provide]                        PROVIDE (__fini_array_start = .)
 *(SORT_BY_NAME(.fini_array.*))
 *(.fini_array*)
 .fini_array    0x00000000080030b8        0x4 E:/ST/STM32CubeIDE_1.13.1/STM32CubeIDE/plugins/com.st.stm32cube.ide.mcu.externaltools.gnu-tools-for-stm32.11.3.rel1.win32_1.1.1.202309131626/tools/bin/../lib/gcc/arm-none-eabi/11.3.1/thumb/v7e-m+fp/hard/crtbegin.o
                [!provide]                        PROVIDE (__fini_array_end = .)
                0x00000000080030bc                . = ALIGN (0x4)
                0x00000000080030bc                _sidata = LOADADDR (.data)

.data           0x0000000020000000        0xc load address 0x00000000080030bc
                0x0000000020000000                . = ALIGN (0x4)
                0x0000000020000000                _sdata = .
 *(.data)
 *(.data*)
 .data.SystemCoreClock
                0x0000000020000000        0x4 ./Core/Src/system_stm32f4xx.o
                0x0000000020000000                SystemCoreClock
 .data.uwTickPrio
                0x0000000020000004        0x4 ./Drivers/STM32F4xx_HAL_Driver/Src/stm32f4xx_hal.o
                0x0000000020000004                uwTickPrio
 .data.uwTickFreq
                0x0000000020000008        0x1 ./Drivers/STM32F4xx_HAL_Driver/Src/stm32f4xx_hal.o
                0x0000000020000008                uwTickFreq
 *(.RamFunc)
 *(.RamFunc*)
                0x000000002000000c                . = ALIGN (0x4)
 *fill*         0x0000000020000009        0x3 
                0x000000002000000c                _edata = .

.igot.plt       0x000000002000000c        0x0 load address 0x00000000080030c8
 .igot.plt      0x000000002000000c        0x0 E:/ST/STM32CubeIDE_1.13.1/STM32CubeIDE/plugins/com.st.stm32cube.ide.mcu.externaltools.gnu-tools-for-stm32.11.3.rel1.win32_1.1.1.202309131626/tools/bin/../lib/gcc/arm-none-eabi/11.3.1/thumb/v7e-m+fp/hard/crtbegin.o
                0x000000002000000c                . = ALIGN (0x4)

.bss            0x000000002000000c      0x100 load address 0x00000000080030c8
                0x000000002000000c                _sbss = .
                0x000000002000000c                __bss_start__ = _sbss
 *(.bss)
 .bss           0x000000002000000c       0x1c E:/ST/STM32CubeIDE_1.13.1/STM32CubeIDE/plugins/com.st.stm32cube.ide.mcu.externaltools.gnu-tools-for-stm32.11.3.rel1.win32_1.1.1.202309131626/tools/bin/../lib/gcc/arm-none-eabi/11.3.1/thumb/v7e-m+fp/hard/crtbegin.o
 *(.bss*)
 .bss.hi2c1     0x0000000020000028       0x54 ./Core/Src/main.o
                0x0000000020000028                hi2c1
 .bss.htim2     0x000000002000007c       0x48 ./Core/Src/main.o
                0x000000002000007c                htim2
 .bss.huart2    0x00000000200000c4       0x44 ./Core/Src/main.o
                0x00000000200000c4                huart2
 .bss.uwTick    0x0000000020000108        0x4 ./Drivers/STM32F4xx_HAL_Driver/Src/stm32f4xx_hal.o
                0x0000000020000108                uwTick
 *(COMMON)
                0x000000002000010c                . = ALIGN (0x4)
                0x000000002000010c                _ebss = .
                0x000000002000010c                __bss_end__ = _ebss

._user_heap_stack
                0x000000002000010c      0x604 load address 0x00000000080030c8
                0x0000000020000110                . = ALIGN (0x8)
 *fill*         0x000000002000010c        0x4 
                [!provide]                        PROVIDE (end = .)
                0x0000000020000110                PROVIDE (_end = .)
                0x0000000020000310                . = (. + _Min_Heap_Size)
 *fill*         0x0000000020000110      0x200 
                0x0000000020000710                . = (. + _Min_Stack_Size)
 *fill*         0x0000000020000310      0x400 
                0x0000000020000710                . = ALIGN (0x8)

/DISCARD/
 libc.a(*)
 libm.a(*)
 libgcc.a(*)

.ARM.attributes
                0x0000000000000000       0x30
 *(.ARM.attributes)
 .ARM.attributes
                0x0000000000000000       0x1e E:/ST/STM32CubeIDE_1.13.1/STM32CubeIDE/plugins/com.st.stm32cube.ide.mcu.externaltools.gnu-tools-for-stm32.11.3.rel1.win32_1.1.1.202309131626/tools/bin/../lib/gcc/arm-none-eabi/11.3.1/thumb/v7e-m+fp/hard/crti.o
 .ARM.attributes
                0x000000000000001e       0x34 E:/ST/STM32CubeIDE_1.13.1/STM32CubeIDE/plugins/com.st.stm32cube.ide.mcu.externaltools.gnu-tools-for-stm32.11.3.rel1.win32_1.1.1.202309131626/tools/bin/../lib/gcc/arm-none-eabi/11.3.1/thumb/v7e-m+fp/hard/crtbegin.o
 .ARM.attributes
                0x0000000000000052       0x34 ./Core/Src/hbridge.o
 .ARM.attributes
                0x0000000000000086       0x34 ./Core/Src/main.o
 .ARM.attributes
                0x00000000000000ba       0x34 ./Core/Src/stm32f4xx_hal_msp.o
 .ARM.attributes
                0x00000000000000ee       0x34 ./Core/Src/stm32f4xx_it.o
 .ARM.attributes
                0x0000000000000122       0x34 ./Core/Src/system_stm32f4xx.o
 .ARM.attributes
                0x0000000000000156       0x21 ./Core/Startup/startup_stm32f401retx.o
 .ARM.attributes
                0x0000000000000177       0x34 ./Drivers/STM32F4xx_HAL_Driver/Src/stm32f4xx_hal.o
 .ARM.attributes
                0x00000000000001ab       0x34 ./Drivers/STM32F4xx_HAL_Driver/Src/stm32f4xx_hal_cortex.o
 .ARM.attributes
                0x00000000000001df       0x34 ./Drivers/STM32F4xx_HAL_Driver/Src/stm32f4xx_hal_gpio.o
 .ARM.attributes
                0x0000000000000213       0x34 ./Drivers/STM32F4xx_HAL_Driver/Src/stm32f4xx_hal_i2c.o
 .ARM.attributes
                0x0000000000000247       0x34 ./Drivers/STM32F4xx_HAL_Driver/Src/stm32f4xx_hal_rcc.o
 .ARM.attributes
                0x000000000000027b       0x34 ./Drivers/STM32F4xx_HAL_Driver/Src/stm32f4xx_hal_tim.o
 .ARM.attributes
                0x00000000000002af       0x34 ./Drivers/STM32F4xx_HAL_Driver/Src/stm32f4xx_hal_tim_ex.o
 .ARM.attributes
                0x00000000000002e3       0x34 ./Drivers/STM32F4xx_HAL_Driver/Src/stm32f4xx_hal_uart.o
 .ARM.attributes
                0x0000000000000317       0x34 E:/ST/STM32CubeIDE_1.13.1/STM32CubeIDE/plugins/com.st.stm32cube.ide.mcu.externaltools.gnu-tools-for-stm32.11.3.rel1.win32_1.1.1.202309131626/tools/bin/../lib/gcc/arm-none-eabi/11.3.1/../../../../arm-none-eabi/lib/thumb/v7e-m+fp/hard\libc_nano.a(libc_a-memset.o)
 .ARM.attributes
                0x000000000000034b       0x34 E:/ST/STM32CubeIDE_1.13.1/STM32CubeIDE/plugins/com.st.stm32cube.ide.mcu.externaltools.gnu-tools-for-stm32.11.3.rel1.win32_1.1.1.202309131626/tools/bin/../lib/gcc/arm-none-eabi/11.3.1/../../../../arm-none-eabi/lib/thumb/v7e-m+fp/hard\libc_nano.a(libc_a-init.o)
 .ARM.attributes
                0x000000000000037f       0x1e E:/ST/STM32CubeIDE_1.13.1/STM32CubeIDE/plugins/com.st.stm32cube.ide.mcu.externaltools.gnu-tools-for-stm32.11.3.rel1.win32_1.1.1.202309131626/tools/bin/../lib/gcc/arm-none-eabi/11.3.1/thumb/v7e-m+fp/hard\libgcc.a(_aeabi_uldivmod.o)
 .ARM.attributes
                0x000000000000039d       0x34 E:/ST/STM32CubeIDE_1.13.1/STM32CubeIDE/plugins/com.st.stm32cube.ide.mcu.externaltools.gnu-tools-for-stm32.11.3.rel1.win32_1.1.1.202309131626/tools/bin/../lib/gcc/arm-none-eabi/11.3.1/thumb/v7e-m+fp/hard\libgcc.a(_udivmoddi4.o)
 .ARM.attributes
                0x00000000000003d1       0x1e E:/ST/STM32CubeIDE_1.13.1/STM32CubeIDE/plugins/com.st.stm32cube.ide.mcu.externaltools.gnu-tools-for-stm32.11.3.rel1.win32_1.1.1.202309131626/tools/bin/../lib/gcc/arm-none-eabi/11.3.1/thumb/v7e-m+fp/hard\libgcc.a(_dvmd_tls.o)
 .ARM.attributes
                0x00000000000003ef       0x1e E:/ST/STM32CubeIDE_1.13.1/STM32CubeIDE/plugins/com.st.stm32cube.ide.mcu.externaltools.gnu-tools-for-stm32.11.3.rel1.win32_1.1.1.202309131626/tools/bin/../lib/gcc/arm-none-eabi/11.3.1/thumb/v7e-m+fp/hard/crtn.o
OUTPUT(SelfBalancingRobot.elf elf32-littlearm)
LOAD linker stubs
LOAD E:/ST/STM32CubeIDE_1.13.1/STM32CubeIDE/plugins/com.st.stm32cube.ide.mcu.externaltools.gnu-tools-for-stm32.11.3.rel1.win32_1.1.1.202309131626/tools/bin/../lib/gcc/arm-none-eabi/11.3.1/../../../../arm-none-eabi/lib/thumb/v7e-m+fp/hard\libc.a
LOAD E:/ST/STM32CubeIDE_1.13.1/STM32CubeIDE/plugins/com.st.stm32cube.ide.mcu.externaltools.gnu-tools-for-stm32.11.3.rel1.win32_1.1.1.202309131626/tools/bin/../lib/gcc/arm-none-eabi/11.3.1/../../../../arm-none-eabi/lib/thumb/v7e-m+fp/hard\libm.a
LOAD E:/ST/STM32CubeIDE_1.13.1/STM32CubeIDE/plugins/com.st.stm32cube.ide.mcu.externaltools.gnu-tools-for-stm32.11.3.rel1.win32_1.1.1.202309131626/tools/bin/../lib/gcc/arm-none-eabi/11.3.1/thumb/v7e-m+fp/hard\libgcc.a

.comment        0x0000000000000000       0x43
 .comment       0x0000000000000000       0x43 E:/ST/STM32CubeIDE_1.13.1/STM32CubeIDE/plugins/com.st.stm32cube.ide.mcu.externaltools.gnu-tools-for-stm32.11.3.rel1.win32_1.1.1.202309131626/tools/bin/../lib/gcc/arm-none-eabi/11.3.1/thumb/v7e-m+fp/hard/crtbegin.o
                                         0x44 (size before relaxing)
 .comment       0x0000000000000043       0x44 ./Core/Src/hbridge.o
 .comment       0x0000000000000043       0x44 ./Core/Src/main.o
 .comment       0x0000000000000043       0x44 ./Core/Src/stm32f4xx_hal_msp.o
 .comment       0x0000000000000043       0x44 ./Core/Src/stm32f4xx_it.o
 .comment       0x0000000000000043       0x44 ./Core/Src/system_stm32f4xx.o
 .comment       0x0000000000000043       0x44 ./Drivers/STM32F4xx_HAL_Driver/Src/stm32f4xx_hal.o
 .comment       0x0000000000000043       0x44 ./Drivers/STM32F4xx_HAL_Driver/Src/stm32f4xx_hal_cortex.o
 .comment       0x0000000000000043       0x44 ./Drivers/STM32F4xx_HAL_Driver/Src/stm32f4xx_hal_gpio.o
 .comment       0x0000000000000043       0x44 ./Drivers/STM32F4xx_HAL_Driver/Src/stm32f4xx_hal_i2c.o
 .comment       0x0000000000000043       0x44 ./Drivers/STM32F4xx_HAL_Driver/Src/stm32f4xx_hal_rcc.o
 .comment       0x0000000000000043       0x44 ./Drivers/STM32F4xx_HAL_Driver/Src/stm32f4xx_hal_tim.o
 .comment       0x0000000000000043       0x44 ./Drivers/STM32F4xx_HAL_Driver/Src/stm32f4xx_hal_tim_ex.o
 .comment       0x0000000000000043       0x44 ./Drivers/STM32F4xx_HAL_Driver/Src/stm32f4xx_hal_uart.o

.debug_info     0x0000000000000000     0xe936
 .debug_info    0x0000000000000000      0x777 ./Core/Src/hbridge.o
 .debug_info    0x0000000000000777     0x140e ./Core/Src/main.o
 .debug_info    0x0000000000001b85     0x104e ./Core/Src/stm32f4xx_hal_msp.o
 .debug_info    0x0000000000002bd3      0x112 ./Core/Src/stm32f4xx_it.o
 .debug_info    0x0000000000002ce5      0x53e ./Core/Src/system_stm32f4xx.o
 .debug_info    0x0000000000003223       0x23 ./Core/Startup/startup_stm32f401retx.o
 .debug_info    0x0000000000003246      0x8bb ./Drivers/STM32F4xx_HAL_Driver/Src/stm32f4xx_hal.o
 .debug_info    0x0000000000003b01      0xcb0 ./Drivers/STM32F4xx_HAL_Driver/Src/stm32f4xx_hal_cortex.o
 .debug_info    0x00000000000047b1      0x6f9 ./Drivers/STM32F4xx_HAL_Driver/Src/stm32f4xx_hal_gpio.o
 .debug_info    0x0000000000004eaa     0x23f2 ./Drivers/STM32F4xx_HAL_Driver/Src/stm32f4xx_hal_i2c.o
 .debug_info    0x000000000000729c      0x8f3 ./Drivers/STM32F4xx_HAL_Driver/Src/stm32f4xx_hal_rcc.o
 .debug_info    0x0000000000007b8f     0x2941 ./Drivers/STM32F4xx_HAL_Driver/Src/stm32f4xx_hal_tim.o
 .debug_info    0x000000000000a4d0     0x14a7 ./Drivers/STM32F4xx_HAL_Driver/Src/stm32f4xx_hal_tim_ex.o
 .debug_info    0x000000000000b977     0x2fbf ./Drivers/STM32F4xx_HAL_Driver/Src/stm32f4xx_hal_uart.o

.debug_abbrev   0x0000000000000000     0x1cd3
 .debug_abbrev  0x0000000000000000      0x198 ./Core/Src/hbridge.o
 .debug_abbrev  0x0000000000000198      0x29b ./Core/Src/main.o
 .debug_abbrev  0x0000000000000433      0x21d ./Core/Src/stm32f4xx_hal_msp.o
 .debug_abbrev  0x0000000000000650       0x73 ./Core/Src/stm32f4xx_it.o
 .debug_abbrev  0x00000000000006c3      0x11a ./Core/Src/system_stm32f4xx.o
 .debug_abbrev  0x00000000000007dd       0x12 ./Core/Startup/startup_stm32f401retx.o
 .debug_abbrev  0x00000000000007ef      0x24b ./Drivers/STM32F4xx_HAL_Driver/Src/stm32f4xx_hal.o
 .debug_abbrev  0x0000000000000a3a      0x327 ./Drivers/STM32F4xx_HAL_Driver/Src/stm32f4xx_hal_cortex.o
 .debug_abbrev  0x0000000000000d61      0x1d3 ./Drivers/STM32F4xx_HAL_Driver/Src/stm32f4xx_hal_gpio.o
 .debug_abbrev  0x0000000000000f34      0x2bc ./Drivers/STM32F4xx_HAL_Driver/Src/stm32f4xx_hal_i2c.o
 .debug_abbrev  0x00000000000011f0      0x2b5 ./Drivers/STM32F4xx_HAL_Driver/Src/stm32f4xx_hal_rcc.o
 .debug_abbrev  0x00000000000014a5      0x284 ./Drivers/STM32F4xx_HAL_Driver/Src/stm32f4xx_hal_tim.o
 .debug_abbrev  0x0000000000001729      0x28f ./Drivers/STM32F4xx_HAL_Driver/Src/stm32f4xx_hal_tim_ex.o
 .debug_abbrev  0x00000000000019b8      0x31b ./Drivers/STM32F4xx_HAL_Driver/Src/stm32f4xx_hal_uart.o

.debug_aranges  0x0000000000000000      0xe38
 .debug_aranges
                0x0000000000000000       0x20 ./Core/Src/hbridge.o
 .debug_aranges
                0x0000000000000020       0x50 ./Core/Src/main.o
 .debug_aranges
                0x0000000000000070       0x58 ./Core/Src/stm32f4xx_hal_msp.o
 .debug_aranges
                0x00000000000000c8       0x60 ./Core/Src/stm32f4xx_it.o
 .debug_aranges
                0x0000000000000128       0x28 ./Core/Src/system_stm32f4xx.o
 .debug_aranges
                0x0000000000000150       0x28 ./Core/Startup/startup_stm32f401retx.o
 .debug_aranges
                0x0000000000000178       0xf0 ./Drivers/STM32F4xx_HAL_Driver/Src/stm32f4xx_hal.o
 .debug_aranges
                0x0000000000000268      0x118 ./Drivers/STM32F4xx_HAL_Driver/Src/stm32f4xx_hal_cortex.o
 .debug_aranges
                0x0000000000000380       0x58 ./Drivers/STM32F4xx_HAL_Driver/Src/stm32f4xx_hal_gpio.o
 .debug_aranges
                0x00000000000003d8      0x2a0 ./Drivers/STM32F4xx_HAL_Driver/Src/stm32f4xx_hal_i2c.o
 .debug_aranges
                0x0000000000000678       0x88 ./Drivers/STM32F4xx_HAL_Driver/Src/stm32f4xx_hal_rcc.o
 .debug_aranges
                0x0000000000000700      0x3d0 ./Drivers/STM32F4xx_HAL_Driver/Src/stm32f4xx_hal_tim.o
 .debug_aranges
                0x0000000000000ad0      0x168 ./Drivers/STM32F4xx_HAL_Driver/Src/stm32f4xx_hal_tim_ex.o
 .debug_aranges
                0x0000000000000c38      0x200 ./Drivers/STM32F4xx_HAL_Driver/Src/stm32f4xx_hal_uart.o

.debug_rnglists
                0x0000000000000000      0xb50
 .debug_rnglists
                0x0000000000000000       0x14 ./Core/Src/hbridge.o
 .debug_rnglists
                0x0000000000000014       0x3a ./Core/Src/main.o
 .debug_rnglists
                0x000000000000004e       0x3f ./Core/Src/stm32f4xx_hal_msp.o
 .debug_rnglists
                0x000000000000008d       0x43 ./Core/Src/stm32f4xx_it.o
 .debug_rnglists
                0x00000000000000d0       0x1a ./Core/Src/system_stm32f4xx.o
 .debug_rnglists
                0x00000000000000ea       0x19 ./Core/Startup/startup_stm32f401retx.o
 .debug_rnglists
                0x0000000000000103       0xaf ./Drivers/STM32F4xx_HAL_Driver/Src/stm32f4xx_hal.o
 .debug_rnglists
                0x00000000000001b2       0xce ./Drivers/STM32F4xx_HAL_Driver/Src/stm32f4xx_hal_cortex.o
 .debug_rnglists
                0x0000000000000280       0x3f ./Drivers/STM32F4xx_HAL_Driver/Src/stm32f4xx_hal_gpio.o
 .debug_rnglists
                0x00000000000002bf      0x235 ./Drivers/STM32F4xx_HAL_Driver/Src/stm32f4xx_hal_i2c.o
 .debug_rnglists
                0x00000000000004f4       0x66 ./Drivers/STM32F4xx_HAL_Driver/Src/stm32f4xx_hal_rcc.o
 .debug_rnglists
                0x000000000000055a      0x31a ./Drivers/STM32F4xx_HAL_Driver/Src/stm32f4xx_hal_tim.o
 .debug_rnglists
                0x0000000000000874      0x125 ./Drivers/STM32F4xx_HAL_Driver/Src/stm32f4xx_hal_tim_ex.o
 .debug_rnglists
                0x0000000000000999      0x1b7 ./Drivers/STM32F4xx_HAL_Driver/Src/stm32f4xx_hal_uart.o

.debug_macro    0x0000000000000000    0x16576
 .debug_macro   0x0000000000000000      0x2c2 ./Core/Src/hbridge.o
 .debug_macro   0x00000000000002c2      0xaa8 ./Core/Src/hbridge.o
 .debug_macro   0x0000000000000d6a      0x2a1 ./Core/Src/hbridge.o
 .debug_macro   0x000000000000100b       0x2e ./Core/Src/hbridge.o
 .debug_macro   0x0000000000001039       0x28 ./Core/Src/hbridge.o
 .debug_macro   0x0000000000001061       0x22 ./Core/Src/hbridge.o
 .debug_macro   0x0000000000001083       0x8e ./Core/Src/hbridge.o
 .debug_macro   0x0000000000001111       0x51 ./Core/Src/hbridge.o
 .debug_macro   0x0000000000001162      0x103 ./Core/Src/hbridge.o
 .debug_macro   0x0000000000001265       0x6a ./Core/Src/hbridge.o
 .debug_macro   0x00000000000012cf      0x1df ./Core/Src/hbridge.o
 .debug_macro   0x00000000000014ae       0x1c ./Core/Src/hbridge.o
 .debug_macro   0x00000000000014ca       0x22 ./Core/Src/hbridge.o
 .debug_macro   0x00000000000014ec       0xd9 ./Core/Src/hbridge.o
 .debug_macro   0x00000000000015c5     0x102d ./Core/Src/hbridge.o
 .debug_macro   0x00000000000025f2      0x11f ./Core/Src/hbridge.o
 .debug_macro   0x0000000000002711     0xb86c ./Core/Src/hbridge.o
 .debug_macro   0x000000000000df7d       0x6d ./Core/Src/hbridge.o
 .debug_macro   0x000000000000dfea     0x367e ./Core/Src/hbridge.o
 .debug_macro   0x0000000000011668      0x174 ./Core/Src/hbridge.o
 .debug_macro   0x00000000000117dc       0x5c ./Core/Src/hbridge.o
 .debug_macro   0x0000000000011838      0x416 ./Core/Src/hbridge.o
 .debug_macro   0x0000000000011c4e      0x9fe ./Core/Src/hbridge.o
 .debug_macro   0x000000000001264c      0x115 ./Core/Src/hbridge.o
 .debug_macro   0x0000000000012761       0xf8 ./Core/Src/hbridge.o
 .debug_macro   0x0000000000012859       0xa5 ./Core/Src/hbridge.o
 .debug_macro   0x00000000000128fe      0x15f ./Core/Src/hbridge.o
 .debug_macro   0x0000000000012a5d      0x287 ./Core/Src/hbridge.o
 .debug_macro   0x0000000000012ce4       0x5f ./Core/Src/hbridge.o
 .debug_macro   0x0000000000012d43      0x236 ./Core/Src/hbridge.o
 .debug_macro   0x0000000000012f79      0x132 ./Core/Src/hbridge.o
 .debug_macro   0x00000000000130ab      0x264 ./Core/Src/hbridge.o
 .debug_macro   0x000000000001330f       0x2e ./Core/Src/hbridge.o
 .debug_macro   0x000000000001333d      0x1b5 ./Core/Src/hbridge.o
 .debug_macro   0x00000000000134f2       0x22 ./Core/Src/hbridge.o
 .debug_macro   0x0000000000013514       0xd6 ./Core/Src/hbridge.o
 .debug_macro   0x00000000000135ea      0x11a ./Core/Src/hbridge.o
 .debug_macro   0x0000000000013704       0x85 ./Core/Src/hbridge.o
 .debug_macro   0x0000000000013789       0x89 ./Core/Src/hbridge.o
 .debug_macro   0x0000000000013812      0x8e6 ./Core/Src/hbridge.o
 .debug_macro   0x00000000000140f8       0x47 ./Core/Src/hbridge.o
 .debug_macro   0x000000000001413f      0x295 ./Core/Src/hbridge.o
 .debug_macro   0x00000000000143d4      0x126 ./Core/Src/hbridge.o
 .debug_macro   0x00000000000144fa       0x16 ./Core/Src/hbridge.o
 .debug_macro   0x0000000000014510       0x2a ./Core/Src/hbridge.o
 .debug_macro   0x000000000001453a       0x61 ./Core/Src/hbridge.o
 .debug_macro   0x000000000001459b       0x43 ./Core/Src/hbridge.o
 .debug_macro   0x00000000000145de       0x34 ./Core/Src/hbridge.o
 .debug_macro   0x0000000000014612       0x16 ./Core/Src/hbridge.o
 .debug_macro   0x0000000000014628       0x35 ./Core/Src/hbridge.o
 .debug_macro   0x000000000001465d       0x16 ./Core/Src/hbridge.o
 .debug_macro   0x0000000000014673       0x43 ./Core/Src/hbridge.o
 .debug_macro   0x00000000000146b6       0x34 ./Core/Src/hbridge.o
 .debug_macro   0x00000000000146ea       0x10 ./Core/Src/hbridge.o
 .debug_macro   0x00000000000146fa       0x58 ./Core/Src/hbridge.o
 .debug_macro   0x0000000000014752       0x8e ./Core/Src/hbridge.o
 .debug_macro   0x00000000000147e0       0x1c ./Core/Src/hbridge.o
 .debug_macro   0x00000000000147fc      0x177 ./Core/Src/hbridge.o
 .debug_macro   0x0000000000014973      0x369 ./Core/Src/hbridge.o
 .debug_macro   0x0000000000014cdc       0x16 ./Core/Src/hbridge.o
 .debug_macro   0x0000000000014cf2       0x29 ./Core/Src/hbridge.o
 .debug_macro   0x0000000000014d1b      0x1ff ./Core/Src/main.o
 .debug_macro   0x0000000000014f1a       0x58 ./Core/Src/main.o
 .debug_macro   0x0000000000014f72       0x1c ./Core/Src/main.o
 .debug_macro   0x0000000000014f8e      0x1f6 ./Core/Src/stm32f4xx_hal_msp.o
 .debug_macro   0x0000000000015184      0x200 ./Core/Src/stm32f4xx_it.o
 .debug_macro   0x0000000000015384      0x1e7 ./Core/Src/system_stm32f4xx.o
 .debug_macro   0x000000000001556b      0x247 ./Drivers/STM32F4xx_HAL_Driver/Src/stm32f4xx_hal.o
 .debug_macro   0x00000000000157b2      0x1e7 ./Drivers/STM32F4xx_HAL_Driver/Src/stm32f4xx_hal_cortex.o
 .debug_macro   0x0000000000015999      0x1ed ./Drivers/STM32F4xx_HAL_Driver/Src/stm32f4xx_hal_gpio.o
 .debug_macro   0x0000000000015b86      0x22e ./Drivers/STM32F4xx_HAL_Driver/Src/stm32f4xx_hal_i2c.o
 .debug_macro   0x0000000000015db4      0x20b ./Drivers/STM32F4xx_HAL_Driver/Src/stm32f4xx_hal_rcc.o
 .debug_macro   0x0000000000015fbf      0x1e8 ./Drivers/STM32F4xx_HAL_Driver/Src/stm32f4xx_hal_tim.o
 .debug_macro   0x00000000000161a7      0x1e7 ./Drivers/STM32F4xx_HAL_Driver/Src/stm32f4xx_hal_tim_ex.o
 .debug_macro   0x000000000001638e      0x1e8 ./Drivers/STM32F4xx_HAL_Driver/Src/stm32f4xx_hal_uart.o

.debug_line     0x0000000000000000    0x1105c
 .debug_line    0x0000000000000000      0x8f2 ./Core/Src/hbridge.o
 .debug_line    0x00000000000008f2      0x928 ./Core/Src/main.o
 .debug_line    0x000000000000121a      0x87b ./Core/Src/stm32f4xx_hal_msp.o
 .debug_line    0x0000000000001a95      0x83a ./Core/Src/stm32f4xx_it.o
 .debug_line    0x00000000000022cf      0x7f9 ./Core/Src/system_stm32f4xx.o
 .debug_line    0x0000000000002ac8       0x7a ./Core/Startup/startup_stm32f401retx.o
 .debug_line    0x0000000000002b42      0xa5f ./Drivers/STM32F4xx_HAL_Driver/Src/stm32f4xx_hal.o
 .debug_line    0x00000000000035a1      0xd0e ./Drivers/STM32F4xx_HAL_Driver/Src/stm32f4xx_hal_cortex.o
 .debug_line    0x00000000000042af      0xb97 ./Drivers/STM32F4xx_HAL_Driver/Src/stm32f4xx_hal_gpio.o
 .debug_line    0x0000000000004e46     0x3a21 ./Drivers/STM32F4xx_HAL_Driver/Src/stm32f4xx_hal_i2c.o
 .debug_line    0x0000000000008867      0xdd8 ./Drivers/STM32F4xx_HAL_Driver/Src/stm32f4xx_hal_rcc.o
 .debug_line    0x000000000000963f     0x3525 ./Drivers/STM32F4xx_HAL_Driver/Src/stm32f4xx_hal_tim.o
 .debug_line    0x000000000000cb64     0x19f7 ./Drivers/STM32F4xx_HAL_Driver/Src/stm32f4xx_hal_tim_ex.o
 .debug_line    0x000000000000e55b     0x2b01 ./Drivers/STM32F4xx_HAL_Driver/Src/stm32f4xx_hal_uart.o

.debug_str      0x0000000000000000    0x8ec75
 .debug_str     0x0000000000000000    0x8ac33 ./Core/Src/hbridge.o
                                      0x8af74 (size before relaxing)
 .debug_str     0x000000000008ac33      0xa7f ./Core/Src/main.o
                                      0x88854 (size before relaxing)
 .debug_str     0x000000000008b6b2       0xe5 ./Core/Src/stm32f4xx_hal_msp.o
                                      0x884e1 (size before relaxing)
 .debug_str     0x000000000008b797       0xc9 ./Core/Src/stm32f4xx_it.o
                                      0x87980 (size before relaxing)
 .debug_str     0x000000000008b860       0xdb ./Core/Src/system_stm32f4xx.o
                                      0x87996 (size before relaxing)
 .debug_str     0x000000000008b93b       0x34 ./Core/Startup/startup_stm32f401retx.o
                                         0x5f (size before relaxing)
 .debug_str     0x000000000008b96f      0x99b ./Drivers/STM32F4xx_HAL_Driver/Src/stm32f4xx_hal.o
                                      0x883b8 (size before relaxing)
 .debug_str     0x000000000008c30a      0x354 ./Drivers/STM32F4xx_HAL_Driver/Src/stm32f4xx_hal_cortex.o
                                      0x880d9 (size before relaxing)
 .debug_str     0x000000000008c65e      0x121 ./Drivers/STM32F4xx_HAL_Driver/Src/stm32f4xx_hal_gpio.o
                                      0x87b11 (size before relaxing)
 .debug_str     0x000000000008c77f      0xb10 ./Drivers/STM32F4xx_HAL_Driver/Src/stm32f4xx_hal_i2c.o
                                      0x88954 (size before relaxing)
 .debug_str     0x000000000008d28f      0x213 ./Drivers/STM32F4xx_HAL_Driver/Src/stm32f4xx_hal_rcc.o
                                      0x87dca (size before relaxing)
 .debug_str     0x000000000008d4a2      0xd44 ./Drivers/STM32F4xx_HAL_Driver/Src/stm32f4xx_hal_tim.o
                                      0x88cfe (size before relaxing)
 .debug_str     0x000000000008e1e6      0x493 ./Drivers/STM32F4xx_HAL_Driver/Src/stm32f4xx_hal_tim_ex.o
                                      0x8851a (size before relaxing)
 .debug_str     0x000000000008e679      0x5fc ./Drivers/STM32F4xx_HAL_Driver/Src/stm32f4xx_hal_uart.o
                                      0x88357 (size before relaxing)

.debug_frame    0x0000000000000000     0x3d24
 .debug_frame   0x0000000000000000       0x34 ./Core/Src/hbridge.o
 .debug_frame   0x0000000000000034       0xe8 ./Core/Src/main.o
 .debug_frame   0x000000000000011c      0x138 ./Core/Src/stm32f4xx_hal_msp.o
 .debug_frame   0x0000000000000254      0x104 ./Core/Src/stm32f4xx_it.o
 .debug_frame   0x0000000000000358       0x58 ./Core/Src/system_stm32f4xx.o
 .debug_frame   0x00000000000003b0      0x374 ./Drivers/STM32F4xx_HAL_Driver/Src/stm32f4xx_hal.o
 .debug_frame   0x0000000000000724      0x498 ./Drivers/STM32F4xx_HAL_Driver/Src/stm32f4xx_hal_cortex.o
 .debug_frame   0x0000000000000bbc      0x14c ./Drivers/STM32F4xx_HAL_Driver/Src/stm32f4xx_hal_gpio.o
 .debug_frame   0x0000000000000d08      0xc5c ./Drivers/STM32F4xx_HAL_Driver/Src/stm32f4xx_hal_i2c.o
 .debug_frame   0x0000000000001964      0x1f4 ./Drivers/STM32F4xx_HAL_Driver/Src/stm32f4xx_hal_rcc.o
 .debug_frame   0x0000000000001b58     0x11bc ./Drivers/STM32F4xx_HAL_Driver/Src/stm32f4xx_hal_tim.o
 .debug_frame   0x0000000000002d14      0x638 ./Drivers/STM32F4xx_HAL_Driver/Src/stm32f4xx_hal_tim_ex.o
 .debug_frame   0x000000000000334c      0x92c ./Drivers/STM32F4xx_HAL_Driver/Src/stm32f4xx_hal_uart.o
 .debug_frame   0x0000000000003c78       0x20 E:/ST/STM32CubeIDE_1.13.1/STM32CubeIDE/plugins/com.st.stm32cube.ide.mcu.externaltools.gnu-tools-for-stm32.11.3.rel1.win32_1.1.1.202309131626/tools/bin/../lib/gcc/arm-none-eabi/11.3.1/../../../../arm-none-eabi/lib/thumb/v7e-m+fp/hard\libc_nano.a(libc_a-memset.o)
 .debug_frame   0x0000000000003c98       0x2c E:/ST/STM32CubeIDE_1.13.1/STM32CubeIDE/plugins/com.st.stm32cube.ide.mcu.externaltools.gnu-tools-for-stm32.11.3.rel1.win32_1.1.1.202309131626/tools/bin/../lib/gcc/arm-none-eabi/11.3.1/../../../../arm-none-eabi/lib/thumb/v7e-m+fp/hard\libc_nano.a(libc_a-init.o)
 .debug_frame   0x0000000000003cc4       0x2c E:/ST/STM32CubeIDE_1.13.1/STM32CubeIDE/plugins/com.st.stm32cube.ide.mcu.externaltools.gnu-tools-for-stm32.11.3.rel1.win32_1.1.1.202309131626/tools/bin/../lib/gcc/arm-none-eabi/11.3.1/thumb/v7e-m+fp/hard\libgcc.a(_aeabi_uldivmod.o)
 .debug_frame   0x0000000000003cf0       0x34 E:/ST/STM32CubeIDE_1.13.1/STM32CubeIDE/plugins/com.st.stm32cube.ide.mcu.externaltools.gnu-tools-for-stm32.11.3.rel1.win32_1.1.1.202309131626/tools/bin/../lib/gcc/arm-none-eabi/11.3.1/thumb/v7e-m+fp/hard\libgcc.a(_udivmoddi4.o)

.debug_line_str
                0x0000000000000000       0x53
 .debug_line_str
                0x0000000000000000       0x53 ./Core/Startup/startup_stm32f401retx.o
                                         0x6b (size before relaxing)
